// Jest Snapshot v1, https://goo.gl/fbAQLP

exports[`codegen should gen for interpolation 1`] = `
"const { toDisplayString: _toDisplayString } = Vue
return function render(_ctx, _cache){return _toDisplayString(_ctx.message)}"
`;

exports[`codegen should gen for string 1`] = `"return function render(_ctx, _cache){return 'hi'}"`;
